2026-09-12 21:23:18 INPUT: Array
(
    [action] => book
    [booking] => Array
        (
            [reference_id] => playa-bocas
            [client_name] => vzgbg
            [client_email] => ahgdvghU@gmail.com
            [client_phone] => 2345637
            [travel_date] => 2026-09-16
            [pax_adults] => 2
            [pax_kids] => 2
            [total_price] => 
            [client_notes] => dbgugefygc
        )

)

2026-09-12 21:31:30 INPUT: Array
(
    [action] => book
    [booking] => Array
        (
            [reference_id] => playa-bocas
            [client_name] => habdjajndia
            [client_email] => ahgdvghU@gmail.com
            [client_phone] => 2345637
            [travel_date] => 2026-09-17
            [pax_adults] => 2
            [pax_kids] => 2
            [total_price] => 
            [client_notes] => ¿dafaa
        )

)

2026-09-12 22:10:07 INPUT: Array
(
    [action] => book
    [booking] => Array
        (
            [type] => package
            [reference_id] => pkg-citytour
            [client_name] => vzgbg
            [client_email] => ahgdvghU@gmail.com
            [client_phone] => +50761344790
            [travel_date] => 2026-09-17
            [pax_adults] => 2
            [pax_kids] => 0
            [total_price] => 7800
            [client_notes] => csc
        )

)

2026-09-12 22:28:58 INPUT: Array
(
    [action] => book
    [booking] => Array
        (
            [type] => package
            [reference_id] => pkg-citytour
            [client_name] => vzgbg
            [client_email] => ahgdvghU@gmail.com
            [client_phone] => +50761231289
            [travel_date] => 2026-09-17
            [pax_adults] => 2
            [pax_kids] => 0
            [total_price] => 7800
            [client_notes] => afadew
        )

)

2026-09-12 22:47:27 INPUT: Array
(
    [action] => book
    [booking] => Array
        (
            [reference_id] => playa-islagrande
            [client_name] => vzgbg
            [client_email] => ahgdvghU@gmail.com
            [client_phone] => +50769210425
            [travel_date] => 2026-09-18
            [pax_adults] => 2
            [pax_kids] => 0
            [total_price] => 
            [client_notes] => uu
        )

)

2026-09-12 23:24:10 INPUT: Array
(
    [action] => book
    [booking] => Array
        (
            [reference_id] => playa-blanca
            [client_name] => vzgbg
            [client_email] => ahgdvghU@gmail.com
            [client_phone] =>  2345637
            [travel_date] => 
            [pax_adults] => 2
            [pax_kids] => 0
            [total_price] => 
            [client_notes] => aaa
        )

)

2026-09-12 23:37:29 INPUT: Array
(
    [action] => book
    [booking] => Array
        (
            [booking_type] => beach
            [reference_id] => playa-islagrande
            [client_name] => vzgbg
            [client_email] => ahgdvghU@gmail.com
            [client_phone] => 
            [travel_date] => 
            [pax_adults] => 2
            [pax_kids] => 0
            [total_price] => 
            [client_notes] => 
        )

)

2026-09-13 02:11:10 SYNC ERROR: SQLSTATE[01000]: Warning: 1265 Data truncated for column 'type' at row 1
